// Jest Snapshot v1, https://goo.gl/fbAQLP

exports[`Feed renders stream flat feed correctly 1`] = `
<div
  className="stream-react-components feed"
>
  <div
    className="stream-react-components activity"
  >
    <pre>
      <code>
        {
	"actor": "balazs@getstream.io",
	"foreign_id": "",
	"id": "c57b8fa0-911c-11e8-8f9d-0a081e7097fe",
	"message": "Kinfolk banh mi salvia drinking vinegar.",
	"object": "some-object",
	"origin": null,
	"target": "",
	"time": "2018-07-26T21:42:19.312119",
	"userEmail": "balazs@getstream.io",
	"userName": "Balazs Horanyi",
	"verb": "add-activity"
}
      </code>
    </pre>
  </div>
  <div
    className="stream-react-components activity"
  >
    <pre>
      <code>
        {
	"actor": "ken@getstream.io",
	"foreign_id": "",
	"id": "c4e6cb40-911c-11e8-8db5-12cb9e7b86a4",
	"message": "Kinfolk activated charcoal taiyaki, aesthetic tacos wolf farm-to-table enamel pin fixie slow-carb post-ironic.",
	"object": "some-object",
	"origin": null,
	"target": "",
	"time": "2018-07-26T21:42:18.337159",
	"userEmail": "ken@getstream.io",
	"userName": "Ken Hoff",
	"verb": "add-activity"
}
      </code>
    </pre>
  </div>
  <div
    className="stream-react-components activity"
  >
    <pre>
      <code>
        {
	"actor": "thierry@getstream.io",
	"foreign_id": "",
	"id": "c448720b-911c-11e8-8db4-12cb9e7b86a4",
	"message": "Poke slow-carb letterpress knausgaard seitan.",
	"object": "some-object",
	"origin": null,
	"target": "",
	"time": "2018-07-26T21:42:17.299407",
	"userEmail": "thierry@getstream.io",
	"userName": "Thierry Schellenbach",
	"verb": "add-activity"
}
      </code>
    </pre>
  </div>
  <span
    style={
      Object {
        "fontSize": 0,
      }
    }
  />
</div>
`;
